{
    "Test maxquant profile": {
        "content": [
            20,
            {
                "LIMMA_DIFFERENTIAL": {
                    "r-base": "4.3.3",
                    "bioconductor-limma": "3.58.1"
                },
                "PLOT_DIFFERENTIAL": {
                    "r-base": "4.3.3",
                    "r-shinyngs": "2.0.0"
                },
                "PLOT_EXPLORATORY": {
                    "r-shinyngs": "2.0.0"
                },
                "PROTEUS": {
                    "r-base": "4.2.1",
                    "r-proteus-bartongroup": "0.2.16",
                    "r-plotly": "4.10.2",
                    "bioconductor-limma": "3.54.0"
                },
                "VALIDATOR": {
                    "r-base": "4.3.3",
                    "r-shinyngs": "2.0.0"
                },
                "Workflow": {
                    "nf-core/differentialabundance": "v1.6.0dev"
                }
            },
            [
                "other",
                "other/limma",
                "other/limma/fakebatch_fakeBatch_b1_b2.MArrayLM.limma.rds",
                "other/limma/genotype_celltype_t1_FoB.MArrayLM.limma.rds",
                "other/limma/genotype_celltype_t1_MZ_fakeBatch.MArrayLM.limma.rds",
                "other/limma/genotype_celltype_t1_t2.MArrayLM.limma.rds",
                "other/proteus",
                "other/proteus/Celltype",
                "other/proteus/Celltype/normalizeMedian.normalized_proteingroups.rds",
                "other/proteus/Celltype/raw_proteingroups.rds",
                "other/proteus/R_sessionInfo.log",
                "other/proteus/fakeBatch",
                "other/proteus/fakeBatch/normalizeMedian.normalized_proteingroups.rds",
                "other/proteus/fakeBatch/raw_proteingroups.rds",
                "pipeline_info",
                "pipeline_info/collated_versions.yml",
                "plots",
                "plots/differential",
                "plots/differential/fakebatch_fakeBatch_b1_b2",
                "plots/differential/fakebatch_fakeBatch_b1_b2/png",
                "plots/differential/fakebatch_fakeBatch_b1_b2/png/volcano.png",
                "plots/differential/genotype_celltype_t1_FoB",
                "plots/differential/genotype_celltype_t1_FoB/png",
                "plots/differential/genotype_celltype_t1_FoB/png/volcano.png",
                "plots/differential/genotype_celltype_t1_MZ_fakeBatch",
                "plots/differential/genotype_celltype_t1_MZ_fakeBatch/png",
                "plots/differential/genotype_celltype_t1_MZ_fakeBatch/png/volcano.png",
                "plots/differential/genotype_celltype_t1_t2",
                "plots/differential/genotype_celltype_t1_t2/png",
                "plots/differential/genotype_celltype_t1_t2/png/volcano.png",
                "plots/differential/versions.yml",
                "plots/exploratory",
                "plots/exploratory/Celltype",
                "plots/exploratory/Celltype/png",
                "plots/exploratory/Celltype/png/boxplot.png",
                "plots/exploratory/Celltype/png/density.png",
                "plots/exploratory/Celltype/png/mad_correlation.png",
                "plots/exploratory/Celltype/png/pca2d.png",
                "plots/exploratory/Celltype/png/pca3d.png",
                "plots/exploratory/Celltype/png/sample_dendrogram.png",
                "plots/exploratory/fakeBatch",
                "plots/exploratory/fakeBatch/png",
                "plots/exploratory/fakeBatch/png/boxplot.png",
                "plots/exploratory/fakeBatch/png/density.png",
                "plots/exploratory/fakeBatch/png/mad_correlation.png",
                "plots/exploratory/fakeBatch/png/pca2d.png",
                "plots/exploratory/fakeBatch/png/pca3d.png",
                "plots/exploratory/fakeBatch/png/sample_dendrogram.png",
                "plots/exploratory/versions.yml",
                "plots/proteus",
                "plots/proteus/Celltype",
                "plots/proteus/Celltype/normalizeMedian.normalized_dendrogram.png",
                "plots/proteus/Celltype/normalizeMedian.normalized_distributions.png",
                "plots/proteus/Celltype/normalizeMedian.normalized_mean_variance_relationship.png",
                "plots/proteus/Celltype/raw_distributions.png",
                "plots/proteus/fakeBatch",
                "plots/proteus/fakeBatch/normalizeMedian.normalized_dendrogram.png",
                "plots/proteus/fakeBatch/normalizeMedian.normalized_distributions.png",
                "plots/proteus/fakeBatch/normalizeMedian.normalized_mean_variance_relationship.png",
                "plots/proteus/fakeBatch/raw_distributions.png",
                "plots/qc",
                "plots/qc/fakebatch_fakeBatch_b1_b2.limma.mean_difference.png",
                "plots/qc/genotype_celltype_t1_FoB.limma.mean_difference.png",
                "plots/qc/genotype_celltype_t1_MZ_fakeBatch.limma.mean_difference.png",
                "plots/qc/genotype_celltype_t1_t2.limma.mean_difference.png",
                "report",
                "report/PXD043349.html",
                "report/PXD043349.zip",
                "tables",
                "tables/differential",
                "tables/differential/fakebatch_fakeBatch_b1_b2.limma.results.tsv",
                "tables/differential/fakebatch_fakeBatch_b1_b2.limma.results_filtered.tsv",
                "tables/differential/genotype_celltype_t1_FoB.limma.results.tsv",
                "tables/differential/genotype_celltype_t1_FoB.limma.results_filtered.tsv",
                "tables/differential/genotype_celltype_t1_MZ_fakeBatch.limma.results.tsv",
                "tables/differential/genotype_celltype_t1_MZ_fakeBatch.limma.results_filtered.tsv",
                "tables/differential/genotype_celltype_t1_t2.limma.results.tsv",
                "tables/differential/genotype_celltype_t1_t2.limma.results_filtered.tsv",
                "tables/proteus",
                "tables/proteus/Celltype",
                "tables/proteus/Celltype/normalizeMedian.normalized_proteingroups_tab.tsv",
                "tables/proteus/Celltype/raw_proteingroups_tab.tsv",
                "tables/proteus/fakeBatch",
                "tables/proteus/fakeBatch/normalizeMedian.normalized_proteingroups_tab.tsv",
                "tables/proteus/fakeBatch/raw_proteingroups_tab.tsv"
            ],
            [
                "fakebatch_fakeBatch_b1_b2.MArrayLM.limma.rds:md5,f321bf1e4fd44827810df9a9c38776d6",
                "genotype_celltype_t1_FoB.MArrayLM.limma.rds:md5,4f0cb9d82aa3c0464cee5eca69248589",
                "genotype_celltype_t1_MZ_fakeBatch.MArrayLM.limma.rds:md5,2021a25cc716b10830ff6851044b6b9d",
                "genotype_celltype_t1_t2.MArrayLM.limma.rds:md5,34cc962386f20c6e001ab28f035df781",
                "normalizeMedian.normalized_proteingroups.rds:md5,da660b225f066a1e87bf8bb4196adcc6",
                "raw_proteingroups.rds:md5,0b38726c41e7b32213e5e15380c29612",
                "R_sessionInfo.log:md5,411badddf7904da0ed1de02b544109d2",
                "normalizeMedian.normalized_proteingroups.rds:md5,6f7def9ce31c8ee07f649675db394848",
                "raw_proteingroups.rds:md5,daef7d25977a1628870dee75e2977ee3",
                "volcano.png:md5,3d64aa38b9c321f1162565a28d254bd1",
                "volcano.png:md5,2497d3bd1e925d358b5856a21209f4bc",
                "volcano.png:md5,1b28d0983a895d0619c470553a1be47f",
                "volcano.png:md5,198730d78767da2e46ce6e1d25f52e64",
                "versions.yml:md5,b20728a34a3537e339078bbeaababee9",
                "boxplot.png:md5,17074b29c8babf56c5b884c13429c81e",
                "density.png:md5,245843935e441c32d69b788d0cdd9ef8",
                "mad_correlation.png:md5,e2033c95c4c5b3d695d65158a6a246e4",
                "pca2d.png:md5,50ff3bd8c8de40f32f078fe879c72d55",
                "pca3d.png:md5,c3ced5600509551d5e0410019c717445",
                "sample_dendrogram.png:md5,49bcc85503e49cb9da71e86973db3263",
                "boxplot.png:md5,bb306103d822eecc37c29bb07674d29f",
                "density.png:md5,a27331aa3cb96242140cba1f57a18215",
                "mad_correlation.png:md5,e14dd0b2ab73187658b386dfc6227d37",
                "pca2d.png:md5,ed7f1342d245d5764898b637a6530c8d",
                "pca3d.png:md5,dcedf79d5795c48a57117a2279dd4a0e",
                "sample_dendrogram.png:md5,bacaf55f4f5863992ce7c166cde9c5b9",
                "versions.yml:md5,9c47cbf6f2f30c711eb57fff84ea3736",
                "normalizeMedian.normalized_dendrogram.png:md5,6bf22a6e3aba7d3c53dc80d3bbd2bb27",
                "normalizeMedian.normalized_distributions.png:md5,39b6f96288b8cd2e7dd2d02f424d6d78",
                "normalizeMedian.normalized_mean_variance_relationship.png:md5,4ed879017fcbe0ea8279bd362ac0d9bd",
                "raw_distributions.png:md5,1def04dd0f8cb116164e91a6aaab11ce",
                "normalizeMedian.normalized_dendrogram.png:md5,181e8e0ccad205a19414975dee1f3ca0",
                "normalizeMedian.normalized_distributions.png:md5,eff54bf61eafda77f8891e41239aaf9c",
                "normalizeMedian.normalized_mean_variance_relationship.png:md5,b5ba9b01fe4534191e3e577302beaead",
                "raw_distributions.png:md5,086370f56bc89e418744dc77f445e5e5",
                "fakebatch_fakeBatch_b1_b2.limma.mean_difference.png:md5,45da19bbbebe47c7b08216e585f0d6d1",
                "genotype_celltype_t1_FoB.limma.mean_difference.png:md5,8c5902f2ce99d4e540349423153e01b8",
                "genotype_celltype_t1_MZ_fakeBatch.limma.mean_difference.png:md5,7236512b3247375627c3fc26a0f03bb4",
                "genotype_celltype_t1_t2.limma.mean_difference.png:md5,c1fa7df4bf312921631f1e9349b43b34",
                "fakebatch_fakeBatch_b1_b2.limma.results.tsv:md5,2e04750d6c02cf37ed489601980d19b8",
                "fakebatch_fakeBatch_b1_b2.limma.results_filtered.tsv:md5,6842d5af760839cda6f23d64a3300a09",
                "genotype_celltype_t1_FoB.limma.results.tsv:md5,990fa0b6a9618bcb03d4c6726f0d518a",
                "genotype_celltype_t1_FoB.limma.results_filtered.tsv:md5,941463996b8790278d7062a48fbc3419",
                "genotype_celltype_t1_MZ_fakeBatch.limma.results.tsv:md5,a0cd63a2f76307016904a4463e3b1791",
                "genotype_celltype_t1_MZ_fakeBatch.limma.results_filtered.tsv:md5,b3120632d1f653e97d18342089157930",
                "genotype_celltype_t1_t2.limma.results.tsv:md5,8e6f5de58fc478aa954350fc159a9b57",
                "genotype_celltype_t1_t2.limma.results_filtered.tsv:md5,9db67d9283e7fb2f4f604fd63ec40e4d",
                "normalizeMedian.normalized_proteingroups_tab.tsv:md5,154fcd8d23409981b897d153e7b7e34e",
                "raw_proteingroups_tab.tsv:md5,33a8791f84c676ea1aea4842231acb6a",
                "normalizeMedian.normalized_proteingroups_tab.tsv:md5,154fcd8d23409981b897d153e7b7e34e",
                "raw_proteingroups_tab.tsv:md5,33a8791f84c676ea1aea4842231acb6a"
            ]
        ],
        "meta": {
            "nf-test": "0.9.0",
            "nextflow": "24.10.2"
        },
        "timestamp": "2024-12-04T14:41:27.89777414"
    }
}