{
    "Test affy profile": {
        "content": [
            16,
            {
                "AFFY_JUSTRMA_RAW": {
                    "r-base": "4.3.1",
                    "bioconductor-affy": "1.78.0"
                },
                "GSEA_GSEA": {
                    "gsea": "4.3.2"
                },
                "LIMMA_DIFFERENTIAL": {
                    "r-base": "4.3.3",
                    "bioconductor-limma": "3.58.1"
                },
                "PLOT_DIFFERENTIAL": {
                    "r-base": "4.3.3",
                    "r-shinyngs": "2.0.0"
                },
                "PLOT_EXPLORATORY": {
                    "r-shinyngs": "2.0.0"
                },
                "TABULAR_TO_GSEA_CHIP": {
                    "bash": "4.2.25 3"
                },
                "VALIDATOR": {
                    "r-base": "4.3.3",
                    "r-shinyngs": "2.0.0"
                },
                "Workflow": {
                    "nf-core/differentialabundance": "v1.6.0dev"
                }
            },
            [
                "other",
                "other/affy",
                "other/affy/raw._eset.rds",
                "other/limma",
                "other/limma/phenotype_uninvolved_lesional.MArrayLM.limma.rds",
                "pipeline_info",
                "pipeline_info/collated_versions.yml",
                "plots",
                "plots/differential",
                "plots/differential/phenotype_uninvolved_lesional",
                "plots/differential/phenotype_uninvolved_lesional/png",
                "plots/differential/phenotype_uninvolved_lesional/png/volcano.png",
                "plots/differential/versions.yml",
                "plots/exploratory",
                "plots/exploratory/phenotype",
                "plots/exploratory/phenotype/png",
                "plots/exploratory/phenotype/png/boxplot.png",
                "plots/exploratory/phenotype/png/density.png",
                "plots/exploratory/phenotype/png/mad_correlation.png",
                "plots/exploratory/phenotype/png/pca2d.png",
                "plots/exploratory/phenotype/png/pca3d.png",
                "plots/exploratory/phenotype/png/sample_dendrogram.png",
                "plots/exploratory/versions.yml",
                "plots/qc",
                "plots/qc/phenotype_uninvolved_lesional.limma.mean_difference.png",
                "report",
                "report/GSE50790.html",
                "report/GSE50790.zip",
                "report/gsea",
                "report/gsea/phenotype_uninvolved_lesional",
                "report/gsea/phenotype_uninvolved_lesional/h.all.v2022.1.Hs.symbols",
                "report/gsea/phenotype_uninvolved_lesional/h.all.v2022.1.Hs.symbols/phenotype_uninvolved_lesional.h.all.v2022.1.Hs.symbols.Gsea.rpt",
                "report/gsea/phenotype_uninvolved_lesional/h.all.v2022.1.Hs.symbols/phenotype_uninvolved_lesional.h.all.v2022.1.Hs.symbols.HALLMARK_ADIPOGENESIS.html",
                "report/gsea/phenotype_uninvolved_lesional/h.all.v2022.1.Hs.symbols/phenotype_uninvolved_lesional.h.all.v2022.1.Hs.symbols.HALLMARK_ADIPOGENESIS.tsv",
                "report/gsea/phenotype_uninvolved_lesional/h.all.v2022.1.Hs.symbols/phenotype_uninvolved_lesional.h.all.v2022.1.Hs.symbols.HALLMARK_ALLOGRAFT_REJECTION.html",
                "report/gsea/phenotype_uninvolved_lesional/h.all.v2022.1.Hs.symbols/phenotype_uninvolved_lesional.h.all.v2022.1.Hs.symbols.HALLMARK_ALLOGRAFT_REJECTION.tsv",
                "report/gsea/phenotype_uninvolved_lesional/h.all.v2022.1.Hs.symbols/phenotype_uninvolved_lesional.h.all.v2022.1.Hs.symbols.HALLMARK_ANDROGEN_RESPONSE.html",
                "report/gsea/phenotype_uninvolved_lesional/h.all.v2022.1.Hs.symbols/phenotype_uninvolved_lesional.h.all.v2022.1.Hs.symbols.HALLMARK_ANDROGEN_RESPONSE.tsv",
                "report/gsea/phenotype_uninvolved_lesional/h.all.v2022.1.Hs.symbols/phenotype_uninvolved_lesional.h.all.v2022.1.Hs.symbols.HALLMARK_APICAL_JUNCTION.html",
                "report/gsea/phenotype_uninvolved_lesional/h.all.v2022.1.Hs.symbols/phenotype_uninvolved_lesional.h.all.v2022.1.Hs.symbols.HALLMARK_APICAL_JUNCTION.tsv",
                "report/gsea/phenotype_uninvolved_lesional/h.all.v2022.1.Hs.symbols/phenotype_uninvolved_lesional.h.all.v2022.1.Hs.symbols.HALLMARK_APOPTOSIS.html",
                "report/gsea/phenotype_uninvolved_lesional/h.all.v2022.1.Hs.symbols/phenotype_uninvolved_lesional.h.all.v2022.1.Hs.symbols.HALLMARK_APOPTOSIS.tsv",
                "report/gsea/phenotype_uninvolved_lesional/h.all.v2022.1.Hs.symbols/phenotype_uninvolved_lesional.h.all.v2022.1.Hs.symbols.HALLMARK_BILE_ACID_METABOLISM.html",
                "report/gsea/phenotype_uninvolved_lesional/h.all.v2022.1.Hs.symbols/phenotype_uninvolved_lesional.h.all.v2022.1.Hs.symbols.HALLMARK_BILE_ACID_METABOLISM.tsv",
                "report/gsea/phenotype_uninvolved_lesional/h.all.v2022.1.Hs.symbols/phenotype_uninvolved_lesional.h.all.v2022.1.Hs.symbols.HALLMARK_CHOLESTEROL_HOMEOSTASIS.html",
                "report/gsea/phenotype_uninvolved_lesional/h.all.v2022.1.Hs.symbols/phenotype_uninvolved_lesional.h.all.v2022.1.Hs.symbols.HALLMARK_CHOLESTEROL_HOMEOSTASIS.tsv",
                "report/gsea/phenotype_uninvolved_lesional/h.all.v2022.1.Hs.symbols/phenotype_uninvolved_lesional.h.all.v2022.1.Hs.symbols.HALLMARK_COMPLEMENT.html",
                "report/gsea/phenotype_uninvolved_lesional/h.all.v2022.1.Hs.symbols/phenotype_uninvolved_lesional.h.all.v2022.1.Hs.symbols.HALLMARK_COMPLEMENT.tsv",
                "report/gsea/phenotype_uninvolved_lesional/h.all.v2022.1.Hs.symbols/phenotype_uninvolved_lesional.h.all.v2022.1.Hs.symbols.HALLMARK_DNA_REPAIR.html",
                "report/gsea/phenotype_uninvolved_lesional/h.all.v2022.1.Hs.symbols/phenotype_uninvolved_lesional.h.all.v2022.1.Hs.symbols.HALLMARK_DNA_REPAIR.tsv",
                "report/gsea/phenotype_uninvolved_lesional/h.all.v2022.1.Hs.symbols/phenotype_uninvolved_lesional.h.all.v2022.1.Hs.symbols.HALLMARK_E2F_TARGETS.html",
                "report/gsea/phenotype_uninvolved_lesional/h.all.v2022.1.Hs.symbols/phenotype_uninvolved_lesional.h.all.v2022.1.Hs.symbols.HALLMARK_E2F_TARGETS.tsv",
                "report/gsea/phenotype_uninvolved_lesional/h.all.v2022.1.Hs.symbols/phenotype_uninvolved_lesional.h.all.v2022.1.Hs.symbols.HALLMARK_ESTROGEN_RESPONSE_EARLY.html",
                "report/gsea/phenotype_uninvolved_lesional/h.all.v2022.1.Hs.symbols/phenotype_uninvolved_lesional.h.all.v2022.1.Hs.symbols.HALLMARK_ESTROGEN_RESPONSE_EARLY.tsv",
                "report/gsea/phenotype_uninvolved_lesional/h.all.v2022.1.Hs.symbols/phenotype_uninvolved_lesional.h.all.v2022.1.Hs.symbols.HALLMARK_FATTY_ACID_METABOLISM.html",
                "report/gsea/phenotype_uninvolved_lesional/h.all.v2022.1.Hs.symbols/phenotype_uninvolved_lesional.h.all.v2022.1.Hs.symbols.HALLMARK_FATTY_ACID_METABOLISM.tsv",
                "report/gsea/phenotype_uninvolved_lesional/h.all.v2022.1.Hs.symbols/phenotype_uninvolved_lesional.h.all.v2022.1.Hs.symbols.HALLMARK_G2M_CHECKPOINT.html",
                "report/gsea/phenotype_uninvolved_lesional/h.all.v2022.1.Hs.symbols/phenotype_uninvolved_lesional.h.all.v2022.1.Hs.symbols.HALLMARK_G2M_CHECKPOINT.tsv",
                "report/gsea/phenotype_uninvolved_lesional/h.all.v2022.1.Hs.symbols/phenotype_uninvolved_lesional.h.all.v2022.1.Hs.symbols.HALLMARK_IL2_STAT5_SIGNALING.html",
                "report/gsea/phenotype_uninvolved_lesional/h.all.v2022.1.Hs.symbols/phenotype_uninvolved_lesional.h.all.v2022.1.Hs.symbols.HALLMARK_IL2_STAT5_SIGNALING.tsv",
                "report/gsea/phenotype_uninvolved_lesional/h.all.v2022.1.Hs.symbols/phenotype_uninvolved_lesional.h.all.v2022.1.Hs.symbols.HALLMARK_IL6_JAK_STAT3_SIGNALING.html",
                "report/gsea/phenotype_uninvolved_lesional/h.all.v2022.1.Hs.symbols/phenotype_uninvolved_lesional.h.all.v2022.1.Hs.symbols.HALLMARK_IL6_JAK_STAT3_SIGNALING.tsv",
                "report/gsea/phenotype_uninvolved_lesional/h.all.v2022.1.Hs.symbols/phenotype_uninvolved_lesional.h.all.v2022.1.Hs.symbols.HALLMARK_INFLAMMATORY_RESPONSE.html",
                "report/gsea/phenotype_uninvolved_lesional/h.all.v2022.1.Hs.symbols/phenotype_uninvolved_lesional.h.all.v2022.1.Hs.symbols.HALLMARK_INFLAMMATORY_RESPONSE.tsv",
                "report/gsea/phenotype_uninvolved_lesional/h.all.v2022.1.Hs.symbols/phenotype_uninvolved_lesional.h.all.v2022.1.Hs.symbols.HALLMARK_INTERFERON_ALPHA_RESPONSE.html",
                "report/gsea/phenotype_uninvolved_lesional/h.all.v2022.1.Hs.symbols/phenotype_uninvolved_lesional.h.all.v2022.1.Hs.symbols.HALLMARK_INTERFERON_ALPHA_RESPONSE.tsv",
                "report/gsea/phenotype_uninvolved_lesional/h.all.v2022.1.Hs.symbols/phenotype_uninvolved_lesional.h.all.v2022.1.Hs.symbols.HALLMARK_INTERFERON_GAMMA_RESPONSE.html",
                "report/gsea/phenotype_uninvolved_lesional/h.all.v2022.1.Hs.symbols/phenotype_uninvolved_lesional.h.all.v2022.1.Hs.symbols.HALLMARK_INTERFERON_GAMMA_RESPONSE.tsv",
                "report/gsea/phenotype_uninvolved_lesional/h.all.v2022.1.Hs.symbols/phenotype_uninvolved_lesional.h.all.v2022.1.Hs.symbols.HALLMARK_KRAS_SIGNALING_DN.html",
                "report/gsea/phenotype_uninvolved_lesional/h.all.v2022.1.Hs.symbols/phenotype_uninvolved_lesional.h.all.v2022.1.Hs.symbols.HALLMARK_KRAS_SIGNALING_DN.tsv",
                "report/gsea/phenotype_uninvolved_lesional/h.all.v2022.1.Hs.symbols/phenotype_uninvolved_lesional.h.all.v2022.1.Hs.symbols.HALLMARK_MITOTIC_SPINDLE.html",
                "report/gsea/phenotype_uninvolved_lesional/h.all.v2022.1.Hs.symbols/phenotype_uninvolved_lesional.h.all.v2022.1.Hs.symbols.HALLMARK_MITOTIC_SPINDLE.tsv",
                "report/gsea/phenotype_uninvolved_lesional/h.all.v2022.1.Hs.symbols/phenotype_uninvolved_lesional.h.all.v2022.1.Hs.symbols.HALLMARK_MTORC1_SIGNALING.html",
                "report/gsea/phenotype_uninvolved_lesional/h.all.v2022.1.Hs.symbols/phenotype_uninvolved_lesional.h.all.v2022.1.Hs.symbols.HALLMARK_MTORC1_SIGNALING.tsv",
                "report/gsea/phenotype_uninvolved_lesional/h.all.v2022.1.Hs.symbols/phenotype_uninvolved_lesional.h.all.v2022.1.Hs.symbols.HALLMARK_MYC_TARGETS_V1.html",
                "report/gsea/phenotype_uninvolved_lesional/h.all.v2022.1.Hs.symbols/phenotype_uninvolved_lesional.h.all.v2022.1.Hs.symbols.HALLMARK_MYC_TARGETS_V1.tsv",
                "report/gsea/phenotype_uninvolved_lesional/h.all.v2022.1.Hs.symbols/phenotype_uninvolved_lesional.h.all.v2022.1.Hs.symbols.HALLMARK_MYC_TARGETS_V2.html",
                "report/gsea/phenotype_uninvolved_lesional/h.all.v2022.1.Hs.symbols/phenotype_uninvolved_lesional.h.all.v2022.1.Hs.symbols.HALLMARK_MYC_TARGETS_V2.tsv",
                "report/gsea/phenotype_uninvolved_lesional/h.all.v2022.1.Hs.symbols/phenotype_uninvolved_lesional.h.all.v2022.1.Hs.symbols.HALLMARK_MYOGENESIS.html",
                "report/gsea/phenotype_uninvolved_lesional/h.all.v2022.1.Hs.symbols/phenotype_uninvolved_lesional.h.all.v2022.1.Hs.symbols.HALLMARK_MYOGENESIS.tsv",
                "report/gsea/phenotype_uninvolved_lesional/h.all.v2022.1.Hs.symbols/phenotype_uninvolved_lesional.h.all.v2022.1.Hs.symbols.HALLMARK_NOTCH_SIGNALING.html",
                "report/gsea/phenotype_uninvolved_lesional/h.all.v2022.1.Hs.symbols/phenotype_uninvolved_lesional.h.all.v2022.1.Hs.symbols.HALLMARK_NOTCH_SIGNALING.tsv",
                "report/gsea/phenotype_uninvolved_lesional/h.all.v2022.1.Hs.symbols/phenotype_uninvolved_lesional.h.all.v2022.1.Hs.symbols.HALLMARK_OXIDATIVE_PHOSPHORYLATION.html",
                "report/gsea/phenotype_uninvolved_lesional/h.all.v2022.1.Hs.symbols/phenotype_uninvolved_lesional.h.all.v2022.1.Hs.symbols.HALLMARK_OXIDATIVE_PHOSPHORYLATION.tsv",
                "report/gsea/phenotype_uninvolved_lesional/h.all.v2022.1.Hs.symbols/phenotype_uninvolved_lesional.h.all.v2022.1.Hs.symbols.HALLMARK_PEROXISOME.html",
                "report/gsea/phenotype_uninvolved_lesional/h.all.v2022.1.Hs.symbols/phenotype_uninvolved_lesional.h.all.v2022.1.Hs.symbols.HALLMARK_PEROXISOME.tsv",
                "report/gsea/phenotype_uninvolved_lesional/h.all.v2022.1.Hs.symbols/phenotype_uninvolved_lesional.h.all.v2022.1.Hs.symbols.HALLMARK_PROTEIN_SECRETION.html",
                "report/gsea/phenotype_uninvolved_lesional/h.all.v2022.1.Hs.symbols/phenotype_uninvolved_lesional.h.all.v2022.1.Hs.symbols.HALLMARK_PROTEIN_SECRETION.tsv",
                "report/gsea/phenotype_uninvolved_lesional/h.all.v2022.1.Hs.symbols/phenotype_uninvolved_lesional.h.all.v2022.1.Hs.symbols.HALLMARK_REACTIVE_OXYGEN_SPECIES_PATHWAY.html",
                "report/gsea/phenotype_uninvolved_lesional/h.all.v2022.1.Hs.symbols/phenotype_uninvolved_lesional.h.all.v2022.1.Hs.symbols.HALLMARK_REACTIVE_OXYGEN_SPECIES_PATHWAY.tsv",
                "report/gsea/phenotype_uninvolved_lesional/h.all.v2022.1.Hs.symbols/phenotype_uninvolved_lesional.h.all.v2022.1.Hs.symbols.HALLMARK_TGF_BETA_SIGNALING.html",
                "report/gsea/phenotype_uninvolved_lesional/h.all.v2022.1.Hs.symbols/phenotype_uninvolved_lesional.h.all.v2022.1.Hs.symbols.HALLMARK_TGF_BETA_SIGNALING.tsv",
                "report/gsea/phenotype_uninvolved_lesional/h.all.v2022.1.Hs.symbols/phenotype_uninvolved_lesional.h.all.v2022.1.Hs.symbols.HALLMARK_TNFA_SIGNALING_VIA_NFKB.html",
                "report/gsea/phenotype_uninvolved_lesional/h.all.v2022.1.Hs.symbols/phenotype_uninvolved_lesional.h.all.v2022.1.Hs.symbols.HALLMARK_TNFA_SIGNALING_VIA_NFKB.tsv",
                "report/gsea/phenotype_uninvolved_lesional/h.all.v2022.1.Hs.symbols/phenotype_uninvolved_lesional.h.all.v2022.1.Hs.symbols.HALLMARK_UNFOLDED_PROTEIN_RESPONSE.html",
                "report/gsea/phenotype_uninvolved_lesional/h.all.v2022.1.Hs.symbols/phenotype_uninvolved_lesional.h.all.v2022.1.Hs.symbols.HALLMARK_UNFOLDED_PROTEIN_RESPONSE.tsv",
                "report/gsea/phenotype_uninvolved_lesional/h.all.v2022.1.Hs.symbols/phenotype_uninvolved_lesional.h.all.v2022.1.Hs.symbols.HALLMARK_UV_RESPONSE_DN.html",
                "report/gsea/phenotype_uninvolved_lesional/h.all.v2022.1.Hs.symbols/phenotype_uninvolved_lesional.h.all.v2022.1.Hs.symbols.HALLMARK_UV_RESPONSE_DN.tsv",
                "report/gsea/phenotype_uninvolved_lesional/h.all.v2022.1.Hs.symbols/phenotype_uninvolved_lesional.h.all.v2022.1.Hs.symbols.HALLMARK_WNT_BETA_CATENIN_SIGNALING.html",
                "report/gsea/phenotype_uninvolved_lesional/h.all.v2022.1.Hs.symbols/phenotype_uninvolved_lesional.h.all.v2022.1.Hs.symbols.HALLMARK_WNT_BETA_CATENIN_SIGNALING.tsv",
                "report/gsea/phenotype_uninvolved_lesional/h.all.v2022.1.Hs.symbols/phenotype_uninvolved_lesional.h.all.v2022.1.Hs.symbols.Symbol_to_probe_set_mapping_details.tsv",
                "report/gsea/phenotype_uninvolved_lesional/h.all.v2022.1.Hs.symbols/phenotype_uninvolved_lesional.h.all.v2022.1.Hs.symbols.gene_set_sizes.tsv",
                "report/gsea/phenotype_uninvolved_lesional/h.all.v2022.1.Hs.symbols/phenotype_uninvolved_lesional.h.all.v2022.1.Hs.symbols.gsea_report_for_lesional.html",
                "report/gsea/phenotype_uninvolved_lesional/h.all.v2022.1.Hs.symbols/phenotype_uninvolved_lesional.h.all.v2022.1.Hs.symbols.gsea_report_for_lesional.tsv",
                "report/gsea/phenotype_uninvolved_lesional/h.all.v2022.1.Hs.symbols/phenotype_uninvolved_lesional.h.all.v2022.1.Hs.symbols.gsea_report_for_uninvolved.html",
                "report/gsea/phenotype_uninvolved_lesional/h.all.v2022.1.Hs.symbols/phenotype_uninvolved_lesional.h.all.v2022.1.Hs.symbols.gsea_report_for_uninvolved.tsv",
                "report/gsea/phenotype_uninvolved_lesional/h.all.v2022.1.Hs.symbols/phenotype_uninvolved_lesional.h.all.v2022.1.Hs.symbols.heat_map_corr_plot.html",
                "report/gsea/phenotype_uninvolved_lesional/h.all.v2022.1.Hs.symbols/phenotype_uninvolved_lesional.h.all.v2022.1.Hs.symbols.index.html",
                "report/gsea/phenotype_uninvolved_lesional/h.all.v2022.1.Hs.symbols/phenotype_uninvolved_lesional.h.all.v2022.1.Hs.symbols.neg_snapshot.html",
                "report/gsea/phenotype_uninvolved_lesional/h.all.v2022.1.Hs.symbols/phenotype_uninvolved_lesional.h.all.v2022.1.Hs.symbols.pos_snapshot.html",
                "report/gsea/phenotype_uninvolved_lesional/h.all.v2022.1.Hs.symbols/phenotype_uninvolved_lesional.h.all.v2022.1.Hs.symbols.ranked_gene_list_lesional_versus_uninvolved.tsv",
                "shinyngs_app",
                "shinyngs_app/GSE50790",
                "shinyngs_app/GSE50790/app.R",
                "shinyngs_app/GSE50790/data.rds",
                "shinyngs_app/versions.yml",
                "tables",
                "tables/annotation",
                "tables/annotation/hgu133plus2.annotation.tsv",
                "tables/differential",
                "tables/differential/phenotype_uninvolved_lesional.limma.results.tsv",
                "tables/differential/phenotype_uninvolved_lesional.limma.results_filtered.tsv",
                "tables/processed_abundance",
                "untar",
                "untar/GSE50790",
                "untar/GSE50790/GSM1229341_Gudjohnsson_001_6690_PP.CEL.gz",
                "untar/GSE50790/GSM1229342_Gudjohnsson_002_6690_PN.CEL.gz",
                "untar/GSE50790/GSM1229343_Gudjohnsson_003_7450_PN.CEL.gz",
                "untar/GSE50790/GSM1229344_Gudjohnsson_004_7450_PP.CEL.gz",
                "untar/GSE50790/GSM1229345_Gudjohnsson_005_7912_PP.CEL.gz",
                "untar/GSE50790/GSM1229346_Gudjohnsson_006_7912_PN.CEL.gz",
                "untar/GSE50790/GSM1229347_Gudjohnsson_007_8470_PP.CEL.gz",
                "untar/GSE50790/GSM1229348_Gudjohnsson_008_8470_PN.CEL.gz"
            ],
            [
                "raw._eset.rds:md5,8c6c7807ce6c5d8204bd681b941eeb0f",
                "phenotype_uninvolved_lesional.MArrayLM.limma.rds:md5,b5ef9fc63c87a83bf925f9284d83663f",
                "volcano.png:md5,d4381dd34786c58e25b8e4ed1fa8bf26",
                "versions.yml:md5,b20728a34a3537e339078bbeaababee9",
                "boxplot.png:md5,552c6cf37521fae8170368e3adb4da80",
                "density.png:md5,efbe403d45cb8c020b93577c49b288a9",
                "mad_correlation.png:md5,2d448f4560bde14a1c56b42f8d9030ca",
                "pca2d.png:md5,38cf71613192a86a72c44294b885aa41",
                "pca3d.png:md5,1aa274734110ab804ce6503e5f555c85",
                "sample_dendrogram.png:md5,69e00857f24a2aa4c02042bdb87d4fd8",
                "versions.yml:md5,9c47cbf6f2f30c711eb57fff84ea3736",
                "phenotype_uninvolved_lesional.limma.mean_difference.png:md5,570bc62fbad15b7b25eaea786a416ace",
                "phenotype_uninvolved_lesional.h.all.v2022.1.Hs.symbols.HALLMARK_ADIPOGENESIS.tsv:md5,6dcf05651f6b0386fe089eaa421c3127",
                "phenotype_uninvolved_lesional.h.all.v2022.1.Hs.symbols.HALLMARK_ALLOGRAFT_REJECTION.tsv:md5,e9dd4c2530785273c996dbf8e989e4cb",
                "phenotype_uninvolved_lesional.h.all.v2022.1.Hs.symbols.HALLMARK_ANDROGEN_RESPONSE.tsv:md5,ed31e69bedf9bfdef793db64f60e0e3d",
                "phenotype_uninvolved_lesional.h.all.v2022.1.Hs.symbols.HALLMARK_APICAL_JUNCTION.tsv:md5,b7ffdef669d6e8a7d6065b0ee4d94f08",
                "phenotype_uninvolved_lesional.h.all.v2022.1.Hs.symbols.HALLMARK_APOPTOSIS.tsv:md5,6ce114c47b7c57eb2713e7b193b42561",
                "phenotype_uninvolved_lesional.h.all.v2022.1.Hs.symbols.HALLMARK_BILE_ACID_METABOLISM.tsv:md5,802fc042c26bdcabe683df4597c0086e",
                "phenotype_uninvolved_lesional.h.all.v2022.1.Hs.symbols.HALLMARK_CHOLESTEROL_HOMEOSTASIS.tsv:md5,6cf88fbf37fc53d31d7731635703d73b",
                "phenotype_uninvolved_lesional.h.all.v2022.1.Hs.symbols.HALLMARK_COMPLEMENT.tsv:md5,a928545b2651eb1978899a89c2a039f6",
                "phenotype_uninvolved_lesional.h.all.v2022.1.Hs.symbols.HALLMARK_DNA_REPAIR.tsv:md5,ae2479a57c448a887af0d356b404601c",
                "phenotype_uninvolved_lesional.h.all.v2022.1.Hs.symbols.HALLMARK_E2F_TARGETS.tsv:md5,3e9cb1309eef19fe0bbe6918ce2bb1f2",
                "phenotype_uninvolved_lesional.h.all.v2022.1.Hs.symbols.HALLMARK_ESTROGEN_RESPONSE_EARLY.tsv:md5,695b5bd61210e9fd4e76993cee00c63d",
                "phenotype_uninvolved_lesional.h.all.v2022.1.Hs.symbols.HALLMARK_FATTY_ACID_METABOLISM.tsv:md5,cb069d05610994d1e43ea84de165bcd0",
                "phenotype_uninvolved_lesional.h.all.v2022.1.Hs.symbols.HALLMARK_G2M_CHECKPOINT.tsv:md5,09eba22af78006f69a9d0cb1bee27331",
                "phenotype_uninvolved_lesional.h.all.v2022.1.Hs.symbols.HALLMARK_IL2_STAT5_SIGNALING.tsv:md5,38824ee08434a02049cf7f57c43545d5",
                "phenotype_uninvolved_lesional.h.all.v2022.1.Hs.symbols.HALLMARK_IL6_JAK_STAT3_SIGNALING.tsv:md5,ab80e349a52b1b17d350d488d552f2b6",
                "phenotype_uninvolved_lesional.h.all.v2022.1.Hs.symbols.HALLMARK_INFLAMMATORY_RESPONSE.tsv:md5,99983d81cd0ee6bc9c5e078ea311147c",
                "phenotype_uninvolved_lesional.h.all.v2022.1.Hs.symbols.HALLMARK_INTERFERON_ALPHA_RESPONSE.tsv:md5,0ae74dbc3afa49b86418a819bf69e431",
                "phenotype_uninvolved_lesional.h.all.v2022.1.Hs.symbols.HALLMARK_INTERFERON_GAMMA_RESPONSE.tsv:md5,3ebd3f6f7a503344dc241c9477bf5716",
                "phenotype_uninvolved_lesional.h.all.v2022.1.Hs.symbols.HALLMARK_KRAS_SIGNALING_DN.tsv:md5,938d36847cf76e8c21701685f94b66b8",
                "phenotype_uninvolved_lesional.h.all.v2022.1.Hs.symbols.HALLMARK_MITOTIC_SPINDLE.tsv:md5,b65a1c48b013bca7fbee8ad817d7765d",
                "phenotype_uninvolved_lesional.h.all.v2022.1.Hs.symbols.HALLMARK_MTORC1_SIGNALING.tsv:md5,a0ccd62aae522f2639efd92f0da80c38",
                "phenotype_uninvolved_lesional.h.all.v2022.1.Hs.symbols.HALLMARK_MYC_TARGETS_V1.tsv:md5,8d3bc922ce0fad0eaa2d559cea0c93f1",
                "phenotype_uninvolved_lesional.h.all.v2022.1.Hs.symbols.HALLMARK_MYC_TARGETS_V2.tsv:md5,86a9ffb8afabb8f2b5250455dffd1c80",
                "phenotype_uninvolved_lesional.h.all.v2022.1.Hs.symbols.HALLMARK_MYOGENESIS.tsv:md5,332f9386161436cd69d4b830e0f392d6",
                "phenotype_uninvolved_lesional.h.all.v2022.1.Hs.symbols.HALLMARK_NOTCH_SIGNALING.tsv:md5,53bc5acac191f31dcdbfe62fcf396358",
                "phenotype_uninvolved_lesional.h.all.v2022.1.Hs.symbols.HALLMARK_OXIDATIVE_PHOSPHORYLATION.tsv:md5,faab3d7cea1ff32b5c224587246ad34e",
                "phenotype_uninvolved_lesional.h.all.v2022.1.Hs.symbols.HALLMARK_PEROXISOME.tsv:md5,66a120807b07d920c876b65b3925264c",
                "phenotype_uninvolved_lesional.h.all.v2022.1.Hs.symbols.HALLMARK_PROTEIN_SECRETION.tsv:md5,d13300c61a1e99a0b05ef18fac74c42d",
                "phenotype_uninvolved_lesional.h.all.v2022.1.Hs.symbols.HALLMARK_REACTIVE_OXYGEN_SPECIES_PATHWAY.tsv:md5,33429d1e3f2342c6c0e7b499035bd8da",
                "phenotype_uninvolved_lesional.h.all.v2022.1.Hs.symbols.HALLMARK_TGF_BETA_SIGNALING.tsv:md5,628b415522f9430bcc297e84e54ddd27",
                "phenotype_uninvolved_lesional.h.all.v2022.1.Hs.symbols.HALLMARK_TNFA_SIGNALING_VIA_NFKB.tsv:md5,fa440cf1e030098632f5bd177a5f4abe",
                "phenotype_uninvolved_lesional.h.all.v2022.1.Hs.symbols.HALLMARK_UNFOLDED_PROTEIN_RESPONSE.tsv:md5,28f52aea571329ffeac92487bb728601",
                "phenotype_uninvolved_lesional.h.all.v2022.1.Hs.symbols.HALLMARK_UV_RESPONSE_DN.tsv:md5,ee52c4c5f2063b0d1aabdf6301651a83",
                "phenotype_uninvolved_lesional.h.all.v2022.1.Hs.symbols.HALLMARK_WNT_BETA_CATENIN_SIGNALING.tsv:md5,4f11dba4f7cbc92f589bef27c182d91d",
                "phenotype_uninvolved_lesional.h.all.v2022.1.Hs.symbols.Symbol_to_probe_set_mapping_details.tsv:md5,a619edb7acb1a0208389f7faf35eb30c",
                "phenotype_uninvolved_lesional.h.all.v2022.1.Hs.symbols.gene_set_sizes.tsv:md5,77b53b0ca686ede9fe15ca448340f9f5",
                "phenotype_uninvolved_lesional.h.all.v2022.1.Hs.symbols.ranked_gene_list_lesional_versus_uninvolved.tsv:md5,72dfaeff534ba9a2b32f63524e835dc4",
                "app.R:md5,bedcfc45b6cdcc2b8fe3627987e2b17a",
                "versions.yml:md5,892774f9d56ba10c8646736b7f777ecc",
                "hgu133plus2.annotation.tsv:md5,f2b82ef12b2a2e8e575de06766583d96",
                "phenotype_uninvolved_lesional.limma.results.tsv:md5,686e871be0f1b435e161f84f6518cfc3",
                "phenotype_uninvolved_lesional.limma.results_filtered.tsv:md5,f7f9f8914173ecb4a9af2d35afd62aae",
                "GSM1229341_Gudjohnsson_001_6690_PP.CEL.gz:md5,259d0908211a071351450f366fd51cad",
                "GSM1229342_Gudjohnsson_002_6690_PN.CEL.gz:md5,31cc2b8b26e210760b8ebd4b304b52ba",
                "GSM1229343_Gudjohnsson_003_7450_PN.CEL.gz:md5,713a3ca75a883cbff6da0be7bd251422",
                "GSM1229344_Gudjohnsson_004_7450_PP.CEL.gz:md5,6f9b8815282bd0fd51c575145acf08cb",
                "GSM1229345_Gudjohnsson_005_7912_PP.CEL.gz:md5,69c709ce4ede2b85c931a903b3805d60",
                "GSM1229346_Gudjohnsson_006_7912_PN.CEL.gz:md5,e05ae9fab96c299416878c4cbbd74327",
                "GSM1229347_Gudjohnsson_007_8470_PP.CEL.gz:md5,951ce488dd3baf0141e6eabc233bd8c7",
                "GSM1229348_Gudjohnsson_008_8470_PN.CEL.gz:md5,ec5129e035badf3b670178d53e24f0cc"
            ]
        ],
        "meta": {
            "nf-test": "0.9.0",
            "nextflow": "24.10.2"
        },
        "timestamp": "2024-12-04T14:40:06.384330301"
    }
}