{
    "Test rnaseq limma profile": {
        "content": [
            20,
            {
                "GSEA_GSEA": {
                    "gsea": "4.3.2"
                },
                "GTF_TO_TABLE": {
                    "atlas-gene-annotation-manipulation": "1.1.1"
                },
                "GUNZIP_GTF": {
                    "gunzip": 1.1
                },
                "LIMMA_DIFFERENTIAL": {
                    "r-base": "4.3.3",
                    "bioconductor-limma": "3.58.1"
                },
                "PLOT_DIFFERENTIAL": {
                    "r-base": "4.3.3",
                    "r-shinyngs": "2.0.0"
                },
                "PLOT_EXPLORATORY": {
                    "r-shinyngs": "2.0.0"
                },
                "TABULAR_TO_GSEA_CHIP": {
                    "bash": "4.2.25 3"
                },
                "VALIDATOR": {
                    "r-base": "4.3.3",
                    "r-shinyngs": "2.0.0"
                },
                "Workflow": {
                    "nf-core/differentialabundance": "v1.6.0dev"
                }
            },
            [
                "other",
                "other/limma",
                "other/limma/treatment_mCherry_hND6_.MArrayLM.limma.rds",
                "other/limma/treatment_mCherry_hND6_sample_number.MArrayLM.limma.rds",
                "pipeline_info",
                "pipeline_info/collated_versions.yml",
                "plots",
                "plots/differential",
                "plots/differential/treatment_mCherry_hND6_",
                "plots/differential/treatment_mCherry_hND6_/png",
                "plots/differential/treatment_mCherry_hND6_/png/volcano.png",
                "plots/differential/treatment_mCherry_hND6_sample_number",
                "plots/differential/treatment_mCherry_hND6_sample_number/png",
                "plots/differential/treatment_mCherry_hND6_sample_number/png/volcano.png",
                "plots/differential/versions.yml",
                "plots/exploratory",
                "plots/exploratory/treatment",
                "plots/exploratory/treatment/png",
                "plots/exploratory/treatment/png/boxplot.png",
                "plots/exploratory/treatment/png/density.png",
                "plots/exploratory/treatment/png/mad_correlation.png",
                "plots/exploratory/treatment/png/pca2d.png",
                "plots/exploratory/treatment/png/pca3d.png",
                "plots/exploratory/treatment/png/sample_dendrogram.png",
                "plots/exploratory/versions.yml",
                "plots/qc",
                "plots/qc/treatment_mCherry_hND6_.limma.mean_difference.png",
                "plots/qc/treatment_mCherry_hND6_sample_number.limma.mean_difference.png",
                "report",
                "report/SRP254919.html",
                "report/SRP254919.zip",
                "report/gsea",
                "report/gsea/treatment_mCherry_hND6_",
                "report/gsea/treatment_mCherry_hND6_/mh.all.v2022.1.Mm.symbols",
                "report/gsea/treatment_mCherry_hND6_/mh.all.v2022.1.Mm.symbols/treatment_mCherry_hND6_.mh.all.v2022.1.Mm.symbols.Gsea.rpt",
                "report/gsea/treatment_mCherry_hND6_/mh.all.v2022.1.Mm.symbols/treatment_mCherry_hND6_.mh.all.v2022.1.Mm.symbols.HALLMARK_KRAS_SIGNALING_DN.html",
                "report/gsea/treatment_mCherry_hND6_/mh.all.v2022.1.Mm.symbols/treatment_mCherry_hND6_.mh.all.v2022.1.Mm.symbols.HALLMARK_KRAS_SIGNALING_DN.tsv",
                "report/gsea/treatment_mCherry_hND6_/mh.all.v2022.1.Mm.symbols/treatment_mCherry_hND6_.mh.all.v2022.1.Mm.symbols.HALLMARK_KRAS_SIGNALING_DN_4.png",
                "report/gsea/treatment_mCherry_hND6_/mh.all.v2022.1.Mm.symbols/treatment_mCherry_hND6_.mh.all.v2022.1.Mm.symbols.Symbol_to_probe_set_mapping_details.tsv",
                "report/gsea/treatment_mCherry_hND6_/mh.all.v2022.1.Mm.symbols/treatment_mCherry_hND6_.mh.all.v2022.1.Mm.symbols.butterfly_plot.png",
                "report/gsea/treatment_mCherry_hND6_/mh.all.v2022.1.Mm.symbols/treatment_mCherry_hND6_.mh.all.v2022.1.Mm.symbols.enplot_HALLMARK_KRAS_SIGNALING_DN_3.png",
                "report/gsea/treatment_mCherry_hND6_/mh.all.v2022.1.Mm.symbols/treatment_mCherry_hND6_.mh.all.v2022.1.Mm.symbols.gene_set_sizes.tsv",
                "report/gsea/treatment_mCherry_hND6_/mh.all.v2022.1.Mm.symbols/treatment_mCherry_hND6_.mh.all.v2022.1.Mm.symbols.global_es_histogram.png",
                "report/gsea/treatment_mCherry_hND6_/mh.all.v2022.1.Mm.symbols/treatment_mCherry_hND6_.mh.all.v2022.1.Mm.symbols.gsea_report_for_hND6.html",
                "report/gsea/treatment_mCherry_hND6_/mh.all.v2022.1.Mm.symbols/treatment_mCherry_hND6_.mh.all.v2022.1.Mm.symbols.gsea_report_for_hND6.tsv",
                "report/gsea/treatment_mCherry_hND6_/mh.all.v2022.1.Mm.symbols/treatment_mCherry_hND6_.mh.all.v2022.1.Mm.symbols.gsea_report_for_mCherry.html",
                "report/gsea/treatment_mCherry_hND6_/mh.all.v2022.1.Mm.symbols/treatment_mCherry_hND6_.mh.all.v2022.1.Mm.symbols.gsea_report_for_mCherry.tsv",
                "report/gsea/treatment_mCherry_hND6_/mh.all.v2022.1.Mm.symbols/treatment_mCherry_hND6_.mh.all.v2022.1.Mm.symbols.gset_rnd_es_dist_5.png",
                "report/gsea/treatment_mCherry_hND6_/mh.all.v2022.1.Mm.symbols/treatment_mCherry_hND6_.mh.all.v2022.1.Mm.symbols.heat_map_1.png",
                "report/gsea/treatment_mCherry_hND6_/mh.all.v2022.1.Mm.symbols/treatment_mCherry_hND6_.mh.all.v2022.1.Mm.symbols.heat_map_corr_plot.html",
                "report/gsea/treatment_mCherry_hND6_/mh.all.v2022.1.Mm.symbols/treatment_mCherry_hND6_.mh.all.v2022.1.Mm.symbols.index.html",
                "report/gsea/treatment_mCherry_hND6_/mh.all.v2022.1.Mm.symbols/treatment_mCherry_hND6_.mh.all.v2022.1.Mm.symbols.neg_snapshot.html",
                "report/gsea/treatment_mCherry_hND6_/mh.all.v2022.1.Mm.symbols/treatment_mCherry_hND6_.mh.all.v2022.1.Mm.symbols.pos_snapshot.html",
                "report/gsea/treatment_mCherry_hND6_/mh.all.v2022.1.Mm.symbols/treatment_mCherry_hND6_.mh.all.v2022.1.Mm.symbols.pvalues_vs_nes_plot.png",
                "report/gsea/treatment_mCherry_hND6_/mh.all.v2022.1.Mm.symbols/treatment_mCherry_hND6_.mh.all.v2022.1.Mm.symbols.ranked_gene_list_hND6_versus_mCherry.tsv",
                "report/gsea/treatment_mCherry_hND6_/mh.all.v2022.1.Mm.symbols/treatment_mCherry_hND6_.mh.all.v2022.1.Mm.symbols.ranked_list_corr_2.png",
                "report/gsea/treatment_mCherry_hND6_sample_number",
                "report/gsea/treatment_mCherry_hND6_sample_number/mh.all.v2022.1.Mm.symbols",
                "report/gsea/treatment_mCherry_hND6_sample_number/mh.all.v2022.1.Mm.symbols/treatment_mCherry_hND6_sample_number.mh.all.v2022.1.Mm.symbols.Gsea.rpt",
                "report/gsea/treatment_mCherry_hND6_sample_number/mh.all.v2022.1.Mm.symbols/treatment_mCherry_hND6_sample_number.mh.all.v2022.1.Mm.symbols.HALLMARK_KRAS_SIGNALING_DN.html",
                "report/gsea/treatment_mCherry_hND6_sample_number/mh.all.v2022.1.Mm.symbols/treatment_mCherry_hND6_sample_number.mh.all.v2022.1.Mm.symbols.HALLMARK_KRAS_SIGNALING_DN.tsv",
                "report/gsea/treatment_mCherry_hND6_sample_number/mh.all.v2022.1.Mm.symbols/treatment_mCherry_hND6_sample_number.mh.all.v2022.1.Mm.symbols.HALLMARK_KRAS_SIGNALING_DN_4.png",
                "report/gsea/treatment_mCherry_hND6_sample_number/mh.all.v2022.1.Mm.symbols/treatment_mCherry_hND6_sample_number.mh.all.v2022.1.Mm.symbols.Symbol_to_probe_set_mapping_details.tsv",
                "report/gsea/treatment_mCherry_hND6_sample_number/mh.all.v2022.1.Mm.symbols/treatment_mCherry_hND6_sample_number.mh.all.v2022.1.Mm.symbols.butterfly_plot.png",
                "report/gsea/treatment_mCherry_hND6_sample_number/mh.all.v2022.1.Mm.symbols/treatment_mCherry_hND6_sample_number.mh.all.v2022.1.Mm.symbols.enplot_HALLMARK_KRAS_SIGNALING_DN_3.png",
                "report/gsea/treatment_mCherry_hND6_sample_number/mh.all.v2022.1.Mm.symbols/treatment_mCherry_hND6_sample_number.mh.all.v2022.1.Mm.symbols.gene_set_sizes.tsv",
                "report/gsea/treatment_mCherry_hND6_sample_number/mh.all.v2022.1.Mm.symbols/treatment_mCherry_hND6_sample_number.mh.all.v2022.1.Mm.symbols.global_es_histogram.png",
                "report/gsea/treatment_mCherry_hND6_sample_number/mh.all.v2022.1.Mm.symbols/treatment_mCherry_hND6_sample_number.mh.all.v2022.1.Mm.symbols.gsea_report_for_hND6.html",
                "report/gsea/treatment_mCherry_hND6_sample_number/mh.all.v2022.1.Mm.symbols/treatment_mCherry_hND6_sample_number.mh.all.v2022.1.Mm.symbols.gsea_report_for_hND6.tsv",
                "report/gsea/treatment_mCherry_hND6_sample_number/mh.all.v2022.1.Mm.symbols/treatment_mCherry_hND6_sample_number.mh.all.v2022.1.Mm.symbols.gsea_report_for_mCherry.html",
                "report/gsea/treatment_mCherry_hND6_sample_number/mh.all.v2022.1.Mm.symbols/treatment_mCherry_hND6_sample_number.mh.all.v2022.1.Mm.symbols.gsea_report_for_mCherry.tsv",
                "report/gsea/treatment_mCherry_hND6_sample_number/mh.all.v2022.1.Mm.symbols/treatment_mCherry_hND6_sample_number.mh.all.v2022.1.Mm.symbols.gset_rnd_es_dist_5.png",
                "report/gsea/treatment_mCherry_hND6_sample_number/mh.all.v2022.1.Mm.symbols/treatment_mCherry_hND6_sample_number.mh.all.v2022.1.Mm.symbols.heat_map_1.png",
                "report/gsea/treatment_mCherry_hND6_sample_number/mh.all.v2022.1.Mm.symbols/treatment_mCherry_hND6_sample_number.mh.all.v2022.1.Mm.symbols.heat_map_corr_plot.html",
                "report/gsea/treatment_mCherry_hND6_sample_number/mh.all.v2022.1.Mm.symbols/treatment_mCherry_hND6_sample_number.mh.all.v2022.1.Mm.symbols.index.html",
                "report/gsea/treatment_mCherry_hND6_sample_number/mh.all.v2022.1.Mm.symbols/treatment_mCherry_hND6_sample_number.mh.all.v2022.1.Mm.symbols.neg_snapshot.html",
                "report/gsea/treatment_mCherry_hND6_sample_number/mh.all.v2022.1.Mm.symbols/treatment_mCherry_hND6_sample_number.mh.all.v2022.1.Mm.symbols.pos_snapshot.html",
                "report/gsea/treatment_mCherry_hND6_sample_number/mh.all.v2022.1.Mm.symbols/treatment_mCherry_hND6_sample_number.mh.all.v2022.1.Mm.symbols.pvalues_vs_nes_plot.png",
                "report/gsea/treatment_mCherry_hND6_sample_number/mh.all.v2022.1.Mm.symbols/treatment_mCherry_hND6_sample_number.mh.all.v2022.1.Mm.symbols.ranked_gene_list_hND6_versus_mCherry.tsv",
                "report/gsea/treatment_mCherry_hND6_sample_number/mh.all.v2022.1.Mm.symbols/treatment_mCherry_hND6_sample_number.mh.all.v2022.1.Mm.symbols.ranked_list_corr_2.png",
                "shinyngs_app",
                "shinyngs_app/SRP254919",
                "shinyngs_app/SRP254919/app.R",
                "shinyngs_app/SRP254919/data.rds",
                "shinyngs_app/versions.yml",
                "tables",
                "tables/annotation",
                "tables/annotation/Mus_musculus.anno.tsv",
                "tables/differential",
                "tables/differential/treatment_mCherry_hND6_.limma.results.tsv",
                "tables/differential/treatment_mCherry_hND6_.limma.results_filtered.tsv",
                "tables/differential/treatment_mCherry_hND6_sample_number.limma.results.tsv",
                "tables/differential/treatment_mCherry_hND6_sample_number.limma.results_filtered.tsv"
            ],
            [
                "treatment_mCherry_hND6_.MArrayLM.limma.rds:md5,5727192a1f8175594f4a148306f23988",
                "treatment_mCherry_hND6_sample_number.MArrayLM.limma.rds:md5,385f960f9330a1dd6bbf4b00166bc96e",
                "volcano.png:md5,aa3d307fc1bb3284c5a29a469dc9a75e",
                "volcano.png:md5,e24eaad248b42383269daaa8b98895b9",
                "versions.yml:md5,b20728a34a3537e339078bbeaababee9",
                "boxplot.png:md5,fddc3f29ff4561a856cd2d58a1dfe637",
                "density.png:md5,0ba03b26bc8cfbf79d97c604fe9d142f",
                "mad_correlation.png:md5,340df9eb381307cf4d98d79da3213e6f",
                "pca2d.png:md5,ce23b7e9b1300fb83bd593781fc70648",
                "pca3d.png:md5,458d2c497557113ec203fe38186f5e1c",
                "sample_dendrogram.png:md5,eb02da7195194e0d56578df41022f9bf",
                "versions.yml:md5,9c47cbf6f2f30c711eb57fff84ea3736",
                "treatment_mCherry_hND6_.limma.mean_difference.png:md5,88ec38c7fb92b3f52675e7c9650bfbcd",
                "treatment_mCherry_hND6_sample_number.limma.mean_difference.png:md5,4f2ff615728c95914dc773b7d986b5e7",
                "treatment_mCherry_hND6_.mh.all.v2022.1.Mm.symbols.HALLMARK_KRAS_SIGNALING_DN.tsv:md5,d47ccff0732fb808d25f91fd7ef15f1c",
                "treatment_mCherry_hND6_.mh.all.v2022.1.Mm.symbols.HALLMARK_KRAS_SIGNALING_DN_4.png:md5,415d2e0dbe0caede5b51576fc87d6403",
                "treatment_mCherry_hND6_.mh.all.v2022.1.Mm.symbols.Symbol_to_probe_set_mapping_details.tsv:md5,e000a1b93ebbb7eb347d9ce666fd5e26",
                "treatment_mCherry_hND6_.mh.all.v2022.1.Mm.symbols.enplot_HALLMARK_KRAS_SIGNALING_DN_3.png:md5,797a90883b69b03fecf0c21158db4ef5",
                "treatment_mCherry_hND6_.mh.all.v2022.1.Mm.symbols.gene_set_sizes.tsv:md5,e3049abd72c25ff6d7cd75b14135d245",
                "treatment_mCherry_hND6_.mh.all.v2022.1.Mm.symbols.global_es_histogram.png:md5,cd78da35019246e48a0347f889927512",
                "treatment_mCherry_hND6_.mh.all.v2022.1.Mm.symbols.gsea_report_for_mCherry.tsv:md5,ce8792382ae299749445767ff16aaecc",
                "treatment_mCherry_hND6_.mh.all.v2022.1.Mm.symbols.heat_map_1.png:md5,7d54dd389febc1cd883685ff38f53334",
                "treatment_mCherry_hND6_.mh.all.v2022.1.Mm.symbols.ranked_gene_list_hND6_versus_mCherry.tsv:md5,2054b247acc714589b7f1e4f25a348d8",
                "treatment_mCherry_hND6_.mh.all.v2022.1.Mm.symbols.ranked_list_corr_2.png:md5,35c67dd6865094465ffbce6a237d46dc",
                "treatment_mCherry_hND6_sample_number.mh.all.v2022.1.Mm.symbols.HALLMARK_KRAS_SIGNALING_DN.tsv:md5,d47ccff0732fb808d25f91fd7ef15f1c",
                "treatment_mCherry_hND6_sample_number.mh.all.v2022.1.Mm.symbols.HALLMARK_KRAS_SIGNALING_DN_4.png:md5,415d2e0dbe0caede5b51576fc87d6403",
                "treatment_mCherry_hND6_sample_number.mh.all.v2022.1.Mm.symbols.Symbol_to_probe_set_mapping_details.tsv:md5,e000a1b93ebbb7eb347d9ce666fd5e26",
                "treatment_mCherry_hND6_sample_number.mh.all.v2022.1.Mm.symbols.enplot_HALLMARK_KRAS_SIGNALING_DN_3.png:md5,797a90883b69b03fecf0c21158db4ef5",
                "treatment_mCherry_hND6_sample_number.mh.all.v2022.1.Mm.symbols.gene_set_sizes.tsv:md5,e3049abd72c25ff6d7cd75b14135d245",
                "treatment_mCherry_hND6_sample_number.mh.all.v2022.1.Mm.symbols.global_es_histogram.png:md5,cd78da35019246e48a0347f889927512",
                "treatment_mCherry_hND6_sample_number.mh.all.v2022.1.Mm.symbols.gsea_report_for_mCherry.tsv:md5,ce8792382ae299749445767ff16aaecc",
                "treatment_mCherry_hND6_sample_number.mh.all.v2022.1.Mm.symbols.heat_map_1.png:md5,7d54dd389febc1cd883685ff38f53334",
                "treatment_mCherry_hND6_sample_number.mh.all.v2022.1.Mm.symbols.ranked_gene_list_hND6_versus_mCherry.tsv:md5,2054b247acc714589b7f1e4f25a348d8",
                "treatment_mCherry_hND6_sample_number.mh.all.v2022.1.Mm.symbols.ranked_list_corr_2.png:md5,35c67dd6865094465ffbce6a237d46dc",
                "app.R:md5,bedcfc45b6cdcc2b8fe3627987e2b17a",
                "versions.yml:md5,892774f9d56ba10c8646736b7f777ecc",
                "Mus_musculus.anno.tsv:md5,c1d7f21e64bd00f845ec6545c123a1fb",
                "treatment_mCherry_hND6_.limma.results.tsv:md5,26df55a9c0fd182977396f75337d5fc4",
                "treatment_mCherry_hND6_.limma.results_filtered.tsv:md5,0bfc9215edc6aad064c3ce6abc81bfce",
                "treatment_mCherry_hND6_sample_number.limma.results.tsv:md5,2a3937bfc95a1d0a0cbed1f2da4b0bd2",
                "treatment_mCherry_hND6_sample_number.limma.results_filtered.tsv:md5,0bfc9215edc6aad064c3ce6abc81bfce"
            ]
        ],
        "meta": {
            "nf-test": "0.9.0",
            "nextflow": "24.10.2"
        },
        "timestamp": "2024-12-04T14:45:14.298568994"
    }
}