{
    "Test profile": {
        "content": [
            21,
            {
                "DESEQ2_DIFFERENTIAL": {
                    "r-base": "4.1.3",
                    "bioconductor-deseq2": "1.34.0"
                },
                "GSEA_GSEA": {
                    "gsea": "4.3.2"
                },
                "GTF_TO_TABLE": {
                    "atlas-gene-annotation-manipulation": "1.1.1"
                },
                "GUNZIP_GTF": {
                    "gunzip": 1.1
                },
                "PLOT_DIFFERENTIAL": {
                    "r-base": "4.3.3",
                    "r-shinyngs": "2.0.0"
                },
                "PLOT_EXPLORATORY": {
                    "r-shinyngs": "2.0.0"
                },
                "TABULAR_TO_GSEA_CHIP": {
                    "bash": "4.2.25 3"
                },
                "VALIDATOR": {
                    "r-base": "4.3.3",
                    "r-shinyngs": "2.0.0"
                },
                "Workflow": {
                    "nf-core/differentialabundance": "v1.6.0dev"
                }
            },
            [
                "other",
                "other/deseq2",
                "other/deseq2/treatment_mCherry_hND6_.dds.rld.rds",
                "other/deseq2/treatment_mCherry_hND6_.deseq2.sizefactors.tsv",
                "other/deseq2/treatment_mCherry_hND6_sample_number.dds.rld.rds",
                "other/deseq2/treatment_mCherry_hND6_sample_number.deseq2.sizefactors.tsv",
                "pipeline_info",
                "pipeline_info/collated_versions.yml",
                "plots",
                "plots/differential",
                "plots/differential/treatment_mCherry_hND6_",
                "plots/differential/treatment_mCherry_hND6_/png",
                "plots/differential/treatment_mCherry_hND6_/png/volcano.png",
                "plots/differential/treatment_mCherry_hND6_sample_number",
                "plots/differential/treatment_mCherry_hND6_sample_number/png",
                "plots/differential/treatment_mCherry_hND6_sample_number/png/volcano.png",
                "plots/differential/versions.yml",
                "plots/exploratory",
                "plots/exploratory/treatment",
                "plots/exploratory/treatment/png",
                "plots/exploratory/treatment/png/boxplot.png",
                "plots/exploratory/treatment/png/density.png",
                "plots/exploratory/treatment/png/mad_correlation.png",
                "plots/exploratory/treatment/png/pca2d.png",
                "plots/exploratory/treatment/png/pca3d.png",
                "plots/exploratory/treatment/png/sample_dendrogram.png",
                "plots/exploratory/versions.yml",
                "plots/qc",
                "plots/qc/treatment_mCherry_hND6_.deseq2.dispersion.png",
                "plots/qc/treatment_mCherry_hND6_sample_number.deseq2.dispersion.png",
                "report",
                "report/SRP254919.html",
                "report/SRP254919.zip",
                "report/gsea",
                "report/gsea/treatment_mCherry_hND6_",
                "report/gsea/treatment_mCherry_hND6_/mh.all.v2022.1.Mm.symbols",
                "report/gsea/treatment_mCherry_hND6_/mh.all.v2022.1.Mm.symbols/treatment_mCherry_hND6_.mh.all.v2022.1.Mm.symbols.Gsea.rpt",
                "report/gsea/treatment_mCherry_hND6_/mh.all.v2022.1.Mm.symbols/treatment_mCherry_hND6_.mh.all.v2022.1.Mm.symbols.HALLMARK_KRAS_SIGNALING_DN.html",
                "report/gsea/treatment_mCherry_hND6_/mh.all.v2022.1.Mm.symbols/treatment_mCherry_hND6_.mh.all.v2022.1.Mm.symbols.HALLMARK_KRAS_SIGNALING_DN.tsv",
                "report/gsea/treatment_mCherry_hND6_/mh.all.v2022.1.Mm.symbols/treatment_mCherry_hND6_.mh.all.v2022.1.Mm.symbols.HALLMARK_KRAS_SIGNALING_DN_4.png",
                "report/gsea/treatment_mCherry_hND6_/mh.all.v2022.1.Mm.symbols/treatment_mCherry_hND6_.mh.all.v2022.1.Mm.symbols.Symbol_to_probe_set_mapping_details.tsv",
                "report/gsea/treatment_mCherry_hND6_/mh.all.v2022.1.Mm.symbols/treatment_mCherry_hND6_.mh.all.v2022.1.Mm.symbols.butterfly_plot.png",
                "report/gsea/treatment_mCherry_hND6_/mh.all.v2022.1.Mm.symbols/treatment_mCherry_hND6_.mh.all.v2022.1.Mm.symbols.enplot_HALLMARK_KRAS_SIGNALING_DN_3.png",
                "report/gsea/treatment_mCherry_hND6_/mh.all.v2022.1.Mm.symbols/treatment_mCherry_hND6_.mh.all.v2022.1.Mm.symbols.gene_set_sizes.tsv",
                "report/gsea/treatment_mCherry_hND6_/mh.all.v2022.1.Mm.symbols/treatment_mCherry_hND6_.mh.all.v2022.1.Mm.symbols.global_es_histogram.png",
                "report/gsea/treatment_mCherry_hND6_/mh.all.v2022.1.Mm.symbols/treatment_mCherry_hND6_.mh.all.v2022.1.Mm.symbols.gsea_report_for_hND6.html",
                "report/gsea/treatment_mCherry_hND6_/mh.all.v2022.1.Mm.symbols/treatment_mCherry_hND6_.mh.all.v2022.1.Mm.symbols.gsea_report_for_hND6.tsv",
                "report/gsea/treatment_mCherry_hND6_/mh.all.v2022.1.Mm.symbols/treatment_mCherry_hND6_.mh.all.v2022.1.Mm.symbols.gsea_report_for_mCherry.html",
                "report/gsea/treatment_mCherry_hND6_/mh.all.v2022.1.Mm.symbols/treatment_mCherry_hND6_.mh.all.v2022.1.Mm.symbols.gsea_report_for_mCherry.tsv",
                "report/gsea/treatment_mCherry_hND6_/mh.all.v2022.1.Mm.symbols/treatment_mCherry_hND6_.mh.all.v2022.1.Mm.symbols.gset_rnd_es_dist_5.png",
                "report/gsea/treatment_mCherry_hND6_/mh.all.v2022.1.Mm.symbols/treatment_mCherry_hND6_.mh.all.v2022.1.Mm.symbols.heat_map_1.png",
                "report/gsea/treatment_mCherry_hND6_/mh.all.v2022.1.Mm.symbols/treatment_mCherry_hND6_.mh.all.v2022.1.Mm.symbols.heat_map_corr_plot.html",
                "report/gsea/treatment_mCherry_hND6_/mh.all.v2022.1.Mm.symbols/treatment_mCherry_hND6_.mh.all.v2022.1.Mm.symbols.index.html",
                "report/gsea/treatment_mCherry_hND6_/mh.all.v2022.1.Mm.symbols/treatment_mCherry_hND6_.mh.all.v2022.1.Mm.symbols.neg_snapshot.html",
                "report/gsea/treatment_mCherry_hND6_/mh.all.v2022.1.Mm.symbols/treatment_mCherry_hND6_.mh.all.v2022.1.Mm.symbols.pos_snapshot.html",
                "report/gsea/treatment_mCherry_hND6_/mh.all.v2022.1.Mm.symbols/treatment_mCherry_hND6_.mh.all.v2022.1.Mm.symbols.pvalues_vs_nes_plot.png",
                "report/gsea/treatment_mCherry_hND6_/mh.all.v2022.1.Mm.symbols/treatment_mCherry_hND6_.mh.all.v2022.1.Mm.symbols.ranked_gene_list_hND6_versus_mCherry.tsv",
                "report/gsea/treatment_mCherry_hND6_/mh.all.v2022.1.Mm.symbols/treatment_mCherry_hND6_.mh.all.v2022.1.Mm.symbols.ranked_list_corr_2.png",
                "report/gsea/treatment_mCherry_hND6_sample_number",
                "report/gsea/treatment_mCherry_hND6_sample_number/mh.all.v2022.1.Mm.symbols",
                "report/gsea/treatment_mCherry_hND6_sample_number/mh.all.v2022.1.Mm.symbols/treatment_mCherry_hND6_sample_number.mh.all.v2022.1.Mm.symbols.Gsea.rpt",
                "report/gsea/treatment_mCherry_hND6_sample_number/mh.all.v2022.1.Mm.symbols/treatment_mCherry_hND6_sample_number.mh.all.v2022.1.Mm.symbols.HALLMARK_KRAS_SIGNALING_DN.html",
                "report/gsea/treatment_mCherry_hND6_sample_number/mh.all.v2022.1.Mm.symbols/treatment_mCherry_hND6_sample_number.mh.all.v2022.1.Mm.symbols.HALLMARK_KRAS_SIGNALING_DN.tsv",
                "report/gsea/treatment_mCherry_hND6_sample_number/mh.all.v2022.1.Mm.symbols/treatment_mCherry_hND6_sample_number.mh.all.v2022.1.Mm.symbols.HALLMARK_KRAS_SIGNALING_DN_4.png",
                "report/gsea/treatment_mCherry_hND6_sample_number/mh.all.v2022.1.Mm.symbols/treatment_mCherry_hND6_sample_number.mh.all.v2022.1.Mm.symbols.Symbol_to_probe_set_mapping_details.tsv",
                "report/gsea/treatment_mCherry_hND6_sample_number/mh.all.v2022.1.Mm.symbols/treatment_mCherry_hND6_sample_number.mh.all.v2022.1.Mm.symbols.butterfly_plot.png",
                "report/gsea/treatment_mCherry_hND6_sample_number/mh.all.v2022.1.Mm.symbols/treatment_mCherry_hND6_sample_number.mh.all.v2022.1.Mm.symbols.enplot_HALLMARK_KRAS_SIGNALING_DN_3.png",
                "report/gsea/treatment_mCherry_hND6_sample_number/mh.all.v2022.1.Mm.symbols/treatment_mCherry_hND6_sample_number.mh.all.v2022.1.Mm.symbols.gene_set_sizes.tsv",
                "report/gsea/treatment_mCherry_hND6_sample_number/mh.all.v2022.1.Mm.symbols/treatment_mCherry_hND6_sample_number.mh.all.v2022.1.Mm.symbols.global_es_histogram.png",
                "report/gsea/treatment_mCherry_hND6_sample_number/mh.all.v2022.1.Mm.symbols/treatment_mCherry_hND6_sample_number.mh.all.v2022.1.Mm.symbols.gsea_report_for_hND6.html",
                "report/gsea/treatment_mCherry_hND6_sample_number/mh.all.v2022.1.Mm.symbols/treatment_mCherry_hND6_sample_number.mh.all.v2022.1.Mm.symbols.gsea_report_for_hND6.tsv",
                "report/gsea/treatment_mCherry_hND6_sample_number/mh.all.v2022.1.Mm.symbols/treatment_mCherry_hND6_sample_number.mh.all.v2022.1.Mm.symbols.gsea_report_for_mCherry.html",
                "report/gsea/treatment_mCherry_hND6_sample_number/mh.all.v2022.1.Mm.symbols/treatment_mCherry_hND6_sample_number.mh.all.v2022.1.Mm.symbols.gsea_report_for_mCherry.tsv",
                "report/gsea/treatment_mCherry_hND6_sample_number/mh.all.v2022.1.Mm.symbols/treatment_mCherry_hND6_sample_number.mh.all.v2022.1.Mm.symbols.gset_rnd_es_dist_5.png",
                "report/gsea/treatment_mCherry_hND6_sample_number/mh.all.v2022.1.Mm.symbols/treatment_mCherry_hND6_sample_number.mh.all.v2022.1.Mm.symbols.heat_map_1.png",
                "report/gsea/treatment_mCherry_hND6_sample_number/mh.all.v2022.1.Mm.symbols/treatment_mCherry_hND6_sample_number.mh.all.v2022.1.Mm.symbols.heat_map_corr_plot.html",
                "report/gsea/treatment_mCherry_hND6_sample_number/mh.all.v2022.1.Mm.symbols/treatment_mCherry_hND6_sample_number.mh.all.v2022.1.Mm.symbols.index.html",
                "report/gsea/treatment_mCherry_hND6_sample_number/mh.all.v2022.1.Mm.symbols/treatment_mCherry_hND6_sample_number.mh.all.v2022.1.Mm.symbols.neg_snapshot.html",
                "report/gsea/treatment_mCherry_hND6_sample_number/mh.all.v2022.1.Mm.symbols/treatment_mCherry_hND6_sample_number.mh.all.v2022.1.Mm.symbols.pos_snapshot.html",
                "report/gsea/treatment_mCherry_hND6_sample_number/mh.all.v2022.1.Mm.symbols/treatment_mCherry_hND6_sample_number.mh.all.v2022.1.Mm.symbols.pvalues_vs_nes_plot.png",
                "report/gsea/treatment_mCherry_hND6_sample_number/mh.all.v2022.1.Mm.symbols/treatment_mCherry_hND6_sample_number.mh.all.v2022.1.Mm.symbols.ranked_gene_list_hND6_versus_mCherry.tsv",
                "report/gsea/treatment_mCherry_hND6_sample_number/mh.all.v2022.1.Mm.symbols/treatment_mCherry_hND6_sample_number.mh.all.v2022.1.Mm.symbols.ranked_list_corr_2.png",
                "shinyngs_app",
                "shinyngs_app/SRP254919",
                "shinyngs_app/SRP254919/app.R",
                "shinyngs_app/SRP254919/data.rds",
                "shinyngs_app/versions.yml",
                "tables",
                "tables/annotation",
                "tables/annotation/Mus_musculus.anno.tsv",
                "tables/differential",
                "tables/differential/treatment_mCherry_hND6_.deseq2.results.tsv",
                "tables/differential/treatment_mCherry_hND6_.deseq2.results_filtered.tsv",
                "tables/differential/treatment_mCherry_hND6_sample_number.deseq2.results.tsv",
                "tables/differential/treatment_mCherry_hND6_sample_number.deseq2.results_filtered.tsv",
                "tables/processed_abundance",
                "tables/processed_abundance/all.normalised_counts.tsv",
                "tables/processed_abundance/all.vst.tsv"
            ],
            [
                "treatment_mCherry_hND6_.dds.rld.rds:md5,dfe51910e230ae9cc2bc9fa5651666ba",
                "treatment_mCherry_hND6_.deseq2.sizefactors.tsv:md5,0703c421c53b260f91568dfc0436c054",
                "treatment_mCherry_hND6_sample_number.dds.rld.rds:md5,54d956233af15c43d48f09bb012a7d7e",
                "treatment_mCherry_hND6_sample_number.deseq2.sizefactors.tsv:md5,0703c421c53b260f91568dfc0436c054",
                "volcano.png:md5,32d82a790e028f9476972a7f38190430",
                "volcano.png:md5,592d4a7d9c40761c185d4f81922ca23b",
                "versions.yml:md5,b20728a34a3537e339078bbeaababee9",
                "boxplot.png:md5,776cdc3ee4e25b348ab0625213c6168f",
                "density.png:md5,e70cb3d293f0823d12bb028bba8746a2",
                "mad_correlation.png:md5,25d424021ef2bac231cb0d1b13cc1728",
                "pca2d.png:md5,af05a9aed66f321b0d266d9c8fba84cc",
                "pca3d.png:md5,3f2a80315f56a779dc95b32a682d0e42",
                "sample_dendrogram.png:md5,ad6c58adf67436d69d390e0a7665b3e4",
                "versions.yml:md5,9c47cbf6f2f30c711eb57fff84ea3736",
                "treatment_mCherry_hND6_.deseq2.dispersion.png:md5,dbe3720197761f3862d568879aa63977",
                "treatment_mCherry_hND6_sample_number.deseq2.dispersion.png:md5,06d071c32b90ddec7c8d37728730d7f4",
                "treatment_mCherry_hND6_.mh.all.v2022.1.Mm.symbols.HALLMARK_KRAS_SIGNALING_DN.tsv:md5,efd220be2b0215645dbf6a517ef1b5bf",
                "treatment_mCherry_hND6_.mh.all.v2022.1.Mm.symbols.HALLMARK_KRAS_SIGNALING_DN_4.png:md5,c1953f2787972171746a358e0ed2cb17",
                "treatment_mCherry_hND6_.mh.all.v2022.1.Mm.symbols.Symbol_to_probe_set_mapping_details.tsv:md5,e000a1b93ebbb7eb347d9ce666fd5e26",
                "treatment_mCherry_hND6_.mh.all.v2022.1.Mm.symbols.enplot_HALLMARK_KRAS_SIGNALING_DN_3.png:md5,93aeaf605ce766a6a5fec954035d91b5",
                "treatment_mCherry_hND6_.mh.all.v2022.1.Mm.symbols.gene_set_sizes.tsv:md5,e3049abd72c25ff6d7cd75b14135d245",
                "treatment_mCherry_hND6_.mh.all.v2022.1.Mm.symbols.global_es_histogram.png:md5,644895110df73cc6af88ffe2457da33b",
                "treatment_mCherry_hND6_.mh.all.v2022.1.Mm.symbols.gsea_report_for_mCherry.tsv:md5,ce8792382ae299749445767ff16aaecc",
                "treatment_mCherry_hND6_.mh.all.v2022.1.Mm.symbols.heat_map_1.png:md5,a14c4be775eb8a8c6deba857f5e2ce52",
                "treatment_mCherry_hND6_.mh.all.v2022.1.Mm.symbols.ranked_gene_list_hND6_versus_mCherry.tsv:md5,30cfd08715168536aab8a088009d3bc4",
                "treatment_mCherry_hND6_.mh.all.v2022.1.Mm.symbols.ranked_list_corr_2.png:md5,07e580fa86de237281de6a59b4d84716",
                "treatment_mCherry_hND6_sample_number.mh.all.v2022.1.Mm.symbols.HALLMARK_KRAS_SIGNALING_DN.tsv:md5,efd220be2b0215645dbf6a517ef1b5bf",
                "treatment_mCherry_hND6_sample_number.mh.all.v2022.1.Mm.symbols.HALLMARK_KRAS_SIGNALING_DN_4.png:md5,c1953f2787972171746a358e0ed2cb17",
                "treatment_mCherry_hND6_sample_number.mh.all.v2022.1.Mm.symbols.Symbol_to_probe_set_mapping_details.tsv:md5,e000a1b93ebbb7eb347d9ce666fd5e26",
                "treatment_mCherry_hND6_sample_number.mh.all.v2022.1.Mm.symbols.enplot_HALLMARK_KRAS_SIGNALING_DN_3.png:md5,93aeaf605ce766a6a5fec954035d91b5",
                "treatment_mCherry_hND6_sample_number.mh.all.v2022.1.Mm.symbols.gene_set_sizes.tsv:md5,e3049abd72c25ff6d7cd75b14135d245",
                "treatment_mCherry_hND6_sample_number.mh.all.v2022.1.Mm.symbols.global_es_histogram.png:md5,644895110df73cc6af88ffe2457da33b",
                "treatment_mCherry_hND6_sample_number.mh.all.v2022.1.Mm.symbols.gsea_report_for_mCherry.tsv:md5,ce8792382ae299749445767ff16aaecc",
                "treatment_mCherry_hND6_sample_number.mh.all.v2022.1.Mm.symbols.heat_map_1.png:md5,a14c4be775eb8a8c6deba857f5e2ce52",
                "treatment_mCherry_hND6_sample_number.mh.all.v2022.1.Mm.symbols.ranked_gene_list_hND6_versus_mCherry.tsv:md5,30cfd08715168536aab8a088009d3bc4",
                "treatment_mCherry_hND6_sample_number.mh.all.v2022.1.Mm.symbols.ranked_list_corr_2.png:md5,07e580fa86de237281de6a59b4d84716",
                "app.R:md5,bedcfc45b6cdcc2b8fe3627987e2b17a",
                "versions.yml:md5,892774f9d56ba10c8646736b7f777ecc",
                "Mus_musculus.anno.tsv:md5,c1d7f21e64bd00f845ec6545c123a1fb",
                "treatment_mCherry_hND6_.deseq2.results.tsv:md5,42ad391a5d3b2e4e7931af3088cc6400",
                "treatment_mCherry_hND6_.deseq2.results_filtered.tsv:md5,cd67e101a9f0edf196ee0cd8491f8774",
                "treatment_mCherry_hND6_sample_number.deseq2.results.tsv:md5,b41cbaacd04a25b45295f3f987ff7500",
                "treatment_mCherry_hND6_sample_number.deseq2.results_filtered.tsv:md5,98fa3ec0992859d2a524ecce1259f0ed",
                "all.normalised_counts.tsv:md5,1d7ad0c02b483f2eff1a5b357a74d011",
                "all.vst.tsv:md5,a08d06d3c3218619b7bd85beead467bd"
            ]
        ],
        "meta": {
            "nf-test": "0.9.0",
            "nextflow": "24.10.2"
        },
        "timestamp": "2024-12-04T14:36:19.54228835"
    }
}